node.exe : [33mThe CJS build of Vite's Node API is deprecated. See https://vit
e.dev/guide/troubleshooting.html#vite-cjs-node-api-deprecated for more details.
[39m
位於 線路:1 字元:1
+ & "C:\Program Files\nodejs/node.exe" "C:\Program Files\nodejs/node_mo ...
+ ~~~~~~~~~~~~~~~~~~~~~~~~~~~~~~~~~~~~~~~~~~~~~~~~~~~~~~~~~~~~~~~~~~~~~
    + CategoryInfo          : NotSpecified: ([33mThe CJS bu...e details.[39m 
   :String) [], RemoteException
    + FullyQualifiedErrorId : NativeCommandError
 
[36mvite v5.4.21 [32mbuilding for production...[36m[39m
transforming...
[32m??[39m 3728 modules transformed.
